00:00 +0: loading I:/Personal/2025/Coding/Task App - Antigravity Build/test/widget_test.dart
00:00 +0: QTask loads correctly
Error initializing providers: Looking up a deactivated widget's ancestor is unsafe.
At this point the state of the widget's element tree is no longer stable.
To safely refer to a widget's ancestor in its dispose() method, save a reference to the ancestor by calling dependOnInheritedWidgetOfExactType() in the widget's didChangeDependencies() method.
ΓòÉΓòÉΓòí EXCEPTION CAUGHT BY WIDGETS LIBRARY Γò₧ΓòÉΓòÉΓòÉΓòÉΓòÉΓòÉΓòÉΓòÉΓòÉΓòÉΓòÉΓòÉΓòÉΓòÉΓòÉΓòÉΓòÉΓòÉΓòÉΓòÉΓòÉΓòÉΓòÉΓòÉΓòÉΓòÉΓòÉΓòÉΓòÉΓòÉΓòÉΓòÉΓòÉΓòÉΓòÉΓòÉΓòÉΓòÉΓòÉΓòÉΓòÉΓòÉΓòÉΓòÉΓòÉΓòÉΓòÉΓòÉΓòÉΓòÉΓòÉΓòÉΓòÉΓòÉΓòÉΓòÉΓòÉΓòÉΓòÉ
The following FirebaseException was thrown building Builder:
[core/no-app] No Firebase App '[DEFAULT]' has been created - call Firebase.initializeApp()

The relevant error-causing widget was:
  MaterialApp
  MaterialApp:file:///I:/Personal/2025/Coding/Task%20App%20-%20Antigravity%20Build/lib/main.dart:219:18

When the exception was thrown, this was the stack:
#0      MethodChannelFirebase.app (package:firebase_core_platform_interface/src/method_channel/method_channel_firebase.dart:190:5)
#1      Firebase.app (package:firebase_core/src/firebase.dart:79:41)
#2      FirebaseFirestore.instance (package:cloud_firestore/src/firestore.dart:33:21)
#3      new FirestoreService (package:q_task/data/services/firestore_service.dart:9:58)
#4      TaskApp.build.<anonymous closure> (package:q_task/main.dart:101:26)
#5      _CreateInheritedProviderState.value (package:provider/src/inherited_provider.dart:749:36)
#6      _InheritedProviderScopeElement.value (package:provider/src/inherited_provider.dart:603:33)
#7      Provider.of (package:provider/src/provider.dart:337:37)
#8      new ProxyProvider3.<anonymous closure> (package:provider/src/proxy_provider.dart:220:22)
#9      _CreateInheritedProviderState.value (package:provider/src/inherited_provider.dart:780:36)
#10     _InheritedProviderScopeElement.value (package:provider/src/inherited_provider.dart:603:33)
#11     Provider.of (package:provider/src/provider.dart:337:37)
#12     TaskApp.build.<anonymous closure> (package:q_task/main.dart:196:26)
#13     _CreateInheritedProviderState.value (package:provider/src/inherited_provider.dart:749:36)
#14     _InheritedProviderScopeElement.value (package:provider/src/inherited_provider.dart:603:33)
#15     Provider.of (package:provider/src/provider.dart:337:37)
#16     ReadContext.read (package:provider/src/provider.dart:683:21)
#17     _HomeScreenState.didChangeDependencies (package:q_task/presentation/screens/home_screen.dart:65:34)
#18     StatefulElement._firstBuild (package:flutter/src/widgets/framework.dart:5971:11)
#19     ComponentElement.mount (package:flutter/src/widgets/framework.dart:5796:5)
...     Normal element mounting (260 frames)
#279    Element.inflateWidget (package:flutter/src/widgets/framework.dart:4590:20)
#280    MultiChildRenderObjectElement.inflateWidget (package:flutter/src/widgets/framework.dart:7269:36)
#281    MultiChildRenderObjectElement.mount (package:flutter/src/widgets/framework.dart:7285:32)
...     Normal element mounting (471 frames)
#752    SingleChildWidgetElementMixin.mount (package:nested/nested.dart:222:11)
...     Normal element mounting (7 frames)
#759    _InheritedProviderScopeElement.mount (package:provider/src/inherited_provider.dart:424:11)
...     Normal element mounting (7 frames)
#766    _InheritedProviderScopeElement.mount (package:provider/src/inherited_provider.dart:424:11)
...     Normal element mounting (7 frames)
#773    _InheritedProviderScopeElement.mount (package:provider/src/inherited_provider.dart:424:11)
...     Normal element mounting (7 frames)
#780    _InheritedProviderScopeElement.mount (package:provider/src/inherited_provider.dart:424:11)
...     Normal element mounting (7 frames)
#787    _InheritedProviderScopeElement.mount (package:provider/src/inherited_provider.dart:424:11)
...     Normal element mounting (7 frames)
#794    _InheritedProviderScopeElement.mount (package:provider/src/inherited_provider.dart:424:11)
...     Normal element mounting (7 frames)
#801    _InheritedProviderScopeElement.mount (package:provider/src/inherited_provider.dart:424:11)
...     Normal element mounting (7 frames)
#808    _InheritedProviderScopeElement.mount (package:provider/src/inherited_provider.dart:424:11)
...     Normal element mounting (7 frames)
#815    _InheritedProviderScopeElement.mount (package:provider/src/inherited_provider.dart:424:11)
...     Normal element mounting (7 frames)
#822    _InheritedProviderScopeElement.mount (package:provider/src/inherited_provider.dart:424:11)
...     Normal element mounting (7 frames)
#829    _InheritedProviderScopeElement.mount (package:provider/src/inherited_provider.dart:424:11)
...     Normal element mounting (7 frames)
#836    _InheritedProviderScopeElement.mount (package:provider/src/inherited_provider.dart:424:11)
...     Normal element mounting (7 frames)
#843    _InheritedProviderScopeElement.mount (package:provider/src/inherited_provider.dart:424:11)
...     Normal element mounting (7 frames)
#850    _InheritedProviderScopeElement.mount (package:provider/src/inherited_provider.dart:424:11)
...     Normal element mounting (7 frames)
#857    _InheritedProviderScopeElement.mount (package:provider/src/inherited_provider.dart:424:11)
...     Normal element mounting (7 frames)
#864    SingleChildWidgetElementMixin.mount (package:nested/nested.dart:222:11)
...     Normal element mounting (7 frames)
#871    _NestedHookElement.mount (package:nested/nested.dart:187:11)
...     Normal element mounting (7 frames)
#878    SingleChildWidgetElementMixin.mount (package:nested/nested.dart:222:11)
...     Normal element mounting (7 frames)
#885    Element.inflateWidget (package:flutter/src/widgets/framework.dart:4590:20)
#886    Element.updateChild (package:flutter/src/widgets/framework.dart:4053:20)
#887    ComponentElement.performRebuild (package:flutter/src/widgets/framework.dart:5844:16)
#888    Element.rebuild (package:flutter/src/widgets/framework.dart:5532:7)
#889    ProxyElement.update (package:flutter/src/widgets/framework.dart:6152:5)
#890    _InheritedNotifierElement.update (package:flutter/src/widgets/inherited_notifier.dart:108:11)
#891    Element.updateChild (package:flutter/src/widgets/framework.dart:4037:15)
#892    ComponentElement.performRebuild (package:flutter/src/widgets/framework.dart:5844:16)
#893    StatefulElement.performRebuild (package:flutter/src/widgets/framework.dart:5985:11)
#894    Element.rebuild (package:flutter/src/widgets/framework.dart:5532:7)
#895    StatefulElement.update (package:flutter/src/widgets/framework.dart:6010:5)
#896    Element.updateChild (package:flutter/src/widgets/framework.dart:4037:15)
#897    ComponentElement.performRebuild (package:flutter/src/widgets/framework.dart:5844:16)
#898    Element.rebuild (package:flutter/src/widgets/framework.dart:5532:7)
#899    ProxyElement.update (package:flutter/src/widgets/framework.dart:6152:5)
#900    _InheritedNotifierElement.update (package:flutter/src/widgets/inherited_notifier.dart:108:11)
#901    Element.updateChild (package:flutter/src/widgets/framework.dart:4037:15)
#902    ComponentElement.performRebuild (package:flutter/src/widgets/framework.dart:5844:16)
#903    StatefulElement.performRebuild (package:flutter/src/widgets/framework.dart:5985:11)
#904    Element.rebuild (package:flutter/src/widgets/framework.dart:5532:7)
#905    StatefulElement.update (package:flutter/src/widgets/framework.dart:6010:5)
#906    Element.updateChild (package:flutter/src/widgets/framework.dart:4037:15)
#907    ComponentElement.performRebuild (package:flutter/src/widgets/framework.dart:5844:16)
#908    StatefulElement.performRebuild (package:flutter/src/widgets/framework.dart:5985:11)
#909    Element.rebuild (package:flutter/src/widgets/framework.dart:5532:7)
#910    StatefulElement.update (package:flutter/src/widgets/framework.dart:6010:5)
#911    Element.updateChild (package:flutter/src/widgets/framework.dart:4037:15)
#912    ComponentElement.performRebuild (package:flutter/src/widgets/framework.dart:5844:16)
#913    Element.rebuild (package:flutter/src/widgets/framework.dart:5532:7)
#914    ProxyElement.update (package:flutter/src/widgets/framework.dart:6152:5)
#915    Element.updateChild (package:flutter/src/widgets/framework.dart:4037:15)
#916    ComponentElement.performRebuild (package:flutter/src/widgets/framework.dart:5844:16)
#917    StatefulElement.performRebuild (package:flutter/src/widgets/framework.dart:5985:11)
#918    Element.rebuild (package:flutter/src/widgets/framework.dart:5532:7)
#919    StatefulElement.update (package:flutter/src/widgets/framework.dart:6010:5)
#920    Element.updateChild (package:flutter/src/widgets/framework.dart:4037:15)
#921    ComponentElement.performRebuild (package:flutter/src/widgets/framework.dart:5844:16)
#922    Element.rebuild (package:flutter/src/widgets/framework.dart:5532:7)
#923    ProxyElement.update (package:flutter/src/widgets/framework.dart:6152:5)
#924    Element.updateChild (package:flutter/src/widgets/framework.dart:4037:15)
#925    ComponentElement.performRebuild (package:flutter/src/widgets/framework.dart:5844:16)
#926    Element.rebuild (package:flutter/src/widgets/framework.dart:5532:7)
#927    ProxyElement.update (package:flutter/src/widgets/framework.dart:6152:5)
#928    Element.updateChild (package:flutter/src/widgets/framework.dart:4037:15)
#929    _RawViewElement._updateChild (package:flutter/src/widgets/view.dart:481:16)
#930    _RawViewElement.update (package:flutter/src/widgets/view.dart:568:5)
#931    Element.updateChild (package:flutter/src/widgets/framework.dart:4037:15)
#932    ComponentElement.performRebuild (package:flutter/src/widgets/framework.dart:5844:16)
#933    Element.rebuild (package:flutter/src/widgets/framework.dart:5532:7)
#934    StatelessElement.update (package:flutter/src/widgets/framework.dart:5898:5)
#935    Element.updateChild (package:flutter/src/widgets/framework.dart:4037:15)
#936    ComponentElement.performRebuild (package:flutter/src/widgets/framework.dart:5844:16)
#937    StatefulElement.performRebuild (package:flutter/src/widgets/framework.dart:5985:11)
#938    Element.rebuild (package:flutter/src/widgets/framework.dart:5532:7)
#939    StatefulElement.update (package:flutter/src/widgets/framework.dart:6010:5)
#940    Element.updateChild (package:flutter/src/widgets/framework.dart:4037:15)
#941    RootElement._rebuild (package:flutter/src/widgets/binding.dart:1782:16)
#942    RootElement.update (package:flutter/src/widgets/binding.dart:1760:5)
#943    RootElement.performRebuild (package:flutter/src/widgets/binding.dart:1774:7)
#944    Element.rebuild (package:flutter/src/widgets/framework.dart:5532:7)
#945    BuildScope._tryRebuild (package:flutter/src/widgets/framework.dart:2750:15)
#946    BuildScope._flushDirtyElements (package:flutter/src/widgets/framework.dart:2807:11)
#947    BuildOwner.buildScope (package:flutter/src/widgets/framework.dart:3111:18)
#948    AutomatedTestWidgetsFlutterBinding.drawFrame (package:flutter_test/src/binding.dart:1506:19)
#949    RendererBinding._handlePersistentFrameCallback (package:flutter/src/rendering/binding.dart:495:5)
#950    SchedulerBinding._invokeFrameCallback (package:flutter/src/scheduler/binding.dart:1434:15)
#951    SchedulerBinding.handleDrawFrame (package:flutter/src/scheduler/binding.dart:1347:9)
#952    AutomatedTestWidgetsFlutterBinding.pump.<anonymous closure> (package:flutter_test/src/binding.dart:1335:9)
#955    TestAsyncUtils.guard (package:flutter_test/src/test_async_utils.dart:74:41)
#956    AutomatedTestWidgetsFlutterBinding.pump (package:flutter_test/src/binding.dart:1324:27)
#957    WidgetTester.pumpWidget.<anonymous closure> (package:flutter_test/src/widget_tester.dart:598:22)
#960    TestAsyncUtils.guard (package:flutter_test/src/test_async_utils.dart:74:41)
#961    WidgetTester.pumpWidget (package:flutter_test/src/widget_tester.dart:595:27)
#962    main.<anonymous closure> (file:///I:/Personal/2025/Coding/Task%20App%20-%20Antigravity%20Build/test/widget_test.dart:17:18)
#963    testWidgets.<anonymous closure>.<anonymous closure> (package:flutter_test/src/widget_tester.dart:192:29)
<asynchronous suspension>
#964    TestWidgetsFlutterBinding._runTestBody (package:flutter_test/src/binding.dart:1059:5)
<asynchronous suspension>
<asynchronous suspension>
(elided 5 frames from dart:async and package:stack_trace)

ΓòÉΓòÉΓòÉΓòÉΓòÉΓòÉΓòÉΓòÉΓòÉΓòÉΓòÉΓòÉΓòÉΓòÉΓòÉΓòÉΓòÉΓòÉΓòÉΓòÉΓòÉΓòÉΓòÉΓòÉΓòÉΓòÉΓòÉΓòÉΓòÉΓòÉΓòÉΓòÉΓòÉΓòÉΓòÉΓòÉΓòÉΓòÉΓòÉΓòÉΓòÉΓòÉΓòÉΓòÉΓòÉΓòÉΓòÉΓòÉΓòÉΓòÉΓòÉΓòÉΓòÉΓòÉΓòÉΓòÉΓòÉΓòÉΓòÉΓòÉΓòÉΓòÉΓòÉΓòÉΓòÉΓòÉΓòÉΓòÉΓòÉΓòÉΓòÉΓòÉΓòÉΓòÉΓòÉΓòÉΓòÉΓòÉΓòÉΓòÉΓòÉΓòÉΓòÉΓòÉΓòÉΓòÉΓòÉΓòÉΓòÉΓòÉΓòÉΓòÉΓòÉΓòÉΓòÉΓòÉΓòÉΓòÉΓòÉΓòÉ
00:00 +0 -1: QTask loads correctly [E]
  Test failed. See exception logs above.
  The test description was: QTask loads correctly
  
00:00 +0 -1: Some tests failed.
